[www.dolil.gov.bd/calculator.html]
[www.dolil.gov.bd/index.html]
[backblue.gif]
[fade.gif]
[index.html]
[www.dolil.gov.bd/awedget/assets/img/favicon.ico]
[www.dolil.gov.bd/awedget/assets/frontend/font-awesome/css/font-awesome.css]
[www.dolil.gov.bd/awedget/assets/frontend/css/bootstrap.css]
[www.dolil.gov.bd/awedget/assets/plugins/jquery-1.9.1.min.js]
[www.dolil.gov.bd/awedget/assets/frontend/css/components.css]
[www.dolil.gov.bd/awedget/assets/frontend/css/layout.css]
[www.dolil.gov.bd/awedget/assets/frontend/css/custom.css]
[www.dolil.gov.bd/assets/img/favicon.html]
[www.dolil.gov.bd/awedget/assets/frontend/img/drlogo.png]
[www.dolil.gov.bd/awedget/assets/frontend/img/logo.png]
[www.dolil.gov.bd/awedget/assets/frontend/img/ict-division-bangladesh.png]
[cdn.jsdelivr.net/npm/select2@4.1.0-beta.1/dist/css/select2.min.css]
[cdn.jsdelivr.net/npm/select2@4.1.0-beta.1/dist/js/select2.min.js]
[www.dolil.gov.bd/awedget/assets/frontend/img/footer_top_bg.png]
[maxcdn.bootstrapcdn.com/bootstrap/3.3.7/js/bootstrap.min.js]
[www.dolil.gov.bd/home/secret_rules.html]
[www.dolil.gov.bd/home/conditions.html]
[www.dolil.gov.bd/home/overall_collaboration.html]
[www.dolil.gov.bd/index.html]
[www.dolil.gov.bd/home/important_links.html]
[www.dolil.gov.bd/calculator.html]
[www.dolil.gov.bd/assets/bg.html]
[www.dolil.gov.bd/awedget/assets/frontend/font-awesome/fonts/fontawesome-webfont3e6e.eot]
[www.dolil.gov.bd/awedget/assets/frontend/font-awesome/fonts/fontawesome-webfontd41d.eot]
[www.dolil.gov.bd/awedget/assets/frontend/font-awesome/fonts/fontawesome-webfont3e6e.woff]
[www.dolil.gov.bd/awedget/assets/frontend/font-awesome/fonts/fontawesome-webfont3e6e.ttf]
[www.dolil.gov.bd/awedget/assets/frontend/font-awesome/fonts/fontawesome-webfont3e6e.svg]
[www.dolil.gov.bd/awedget/assets/frontend/font-awesome/css/font-awesome.css]
[www.dolil.gov.bd/awedget/assets/frontend/fonts/glyphicons-halflings-regular.html]
[www.dolil.gov.bd/awedget/assets/frontend/fonts/glyphicons-halflings-regulard41d.html]
[www.dolil.gov.bd/awedget/assets/frontend/fonts/glyphicons-halflings-regular-2.html]
[www.dolil.gov.bd/awedget/assets/frontend/fonts/glyphicons-halflings-regular-3.html]
[www.dolil.gov.bd/awedget/assets/frontend/fonts/glyphicons-halflings-regular-4.html]
[www.dolil.gov.bd/awedget/assets/frontend/css/bootstrap.css]
[www.dolil.gov.bd/awedget/assets/frontend/fonts/glyphicons-halflings-regular-5.html]
[www.dolil.gov.bd/awedget/assets/frontend/img/remove-icon-small.html]
[www.dolil.gov.bd/awedget/assets/frontend/img/input-spinner.html]
[www.dolil.gov.bd/awedget/assets/frontend/img/syncfusion-icons.html]
[www.dolil.gov.bd/awedget/assets/frontend/img/syncfusion-icons-white.html]
[www.dolil.gov.bd/awedget/assets/frontend/img/accordion-plusminus.html]
[www.dolil.gov.bd/awedget/assets/frontend/img/portlet-remove-icon.html]
[www.dolil.gov.bd/awedget/assets/frontend/img/portlet-config-icon.html]
[www.dolil.gov.bd/awedget/assets/frontend/img/portlet-reload-icon.html]
[www.dolil.gov.bd/awedget/assets/frontend/img/portlet-expand-icon.html]
[www.dolil.gov.bd/awedget/assets/frontend/img/portlet-collapse-icon.html]
[www.dolil.gov.bd/awedget/assets/frontend/img/portlet-remove-icon-white.html]
[www.dolil.gov.bd/awedget/assets/frontend/img/portlet-config-icon-white.html]
[www.dolil.gov.bd/awedget/assets/frontend/img/portlet-reload-icon-white.html]
[www.dolil.gov.bd/awedget/assets/frontend/img/portlet-expand-icon-white.html]
[www.dolil.gov.bd/awedget/assets/frontend/img/portlet-collapse-icon-white.html]
[www.dolil.gov.bd/awedget/assets/frontend/img/social/amazon.html]
[www.dolil.gov.bd/awedget/assets/frontend/img/social/behance.html]
[www.dolil.gov.bd/awedget/assets/frontend/img/social/blogger.html]
[www.dolil.gov.bd/awedget/assets/frontend/img/social/deviantart.html]
[www.dolil.gov.bd/awedget/assets/frontend/img/social/dribbble.html]
[www.dolil.gov.bd/awedget/assets/frontend/img/social/dropbox.html]
[www.dolil.gov.bd/awedget/assets/frontend/img/social/evernote.html]
[www.dolil.gov.bd/awedget/assets/frontend/img/social/facebook.html]
[www.dolil.gov.bd/awedget/assets/frontend/img/social/forrst.html]
[www.dolil.gov.bd/awedget/assets/frontend/img/social/github.html]
[www.dolil.gov.bd/awedget/assets/frontend/img/social/googleplus.html]
[www.dolil.gov.bd/awedget/assets/frontend/img/social/jolicloud.html]
[www.dolil.gov.bd/awedget/assets/frontend/img/social/last-fm.html]
[www.dolil.gov.bd/awedget/assets/frontend/img/social/linkedin.html]
[www.dolil.gov.bd/awedget/assets/frontend/img/social/picasa.html]
[www.dolil.gov.bd/awedget/assets/frontend/img/social/pintrest.html]
[www.dolil.gov.bd/awedget/assets/frontend/img/social/rss.html]
[www.dolil.gov.bd/awedget/assets/frontend/img/social/skype.html]
[www.dolil.gov.bd/awedget/assets/frontend/img/social/spotify.html]
[www.dolil.gov.bd/awedget/assets/frontend/img/social/stumbleupon.html]
[www.dolil.gov.bd/awedget/assets/frontend/img/social/tumblr.html]
[www.dolil.gov.bd/awedget/assets/frontend/img/social/twitter.html]
[www.dolil.gov.bd/awedget/assets/frontend/img/social/vimeo.html]
[www.dolil.gov.bd/awedget/assets/frontend/img/social/wordpress.html]
[www.dolil.gov.bd/awedget/assets/frontend/img/social/xing.html]
[www.dolil.gov.bd/awedget/assets/frontend/img/social/yahoo.html]
[www.dolil.gov.bd/awedget/assets/frontend/img/social/youtube.html]
[www.dolil.gov.bd/awedget/assets/frontend/img/social/vk.html]
[www.dolil.gov.bd/awedget/assets/frontend/img/social/instagram.html]
[www.dolil.gov.bd/awedget/assets/frontend/img/social/reddit.html]
[www.dolil.gov.bd/awedget/assets/frontend/img/social/aboutme.html]
[www.dolil.gov.bd/awedget/assets/frontend/img/social/flickr.html]
[www.dolil.gov.bd/awedget/assets/frontend/img/social/foursquare.html]
[www.dolil.gov.bd/awedget/assets/frontend/img/social/gravatar.html]
[www.dolil.gov.bd/awedget/assets/frontend/img/social/klout.html]
[www.dolil.gov.bd/awedget/assets/frontend/img/social/myspace.html]
[www.dolil.gov.bd/awedget/assets/frontend/css/components.css]
[www.dolil.gov.bd/awedget/assets/frontend/img/social/quora.html]
[www.dolil.gov.bd/awedget/assets/frontend/img/icon-color.html]
[www.dolil.gov.bd/awedget/assets/frontend/css/layout.css]
[www.dolil.gov.bd/awedget/assets/frontend/img/icon-color-close.html]
[www.dolil.gov.bd/awedget/assets/fonts/Kalpurush.html]
[www.dolil.gov.bd/awedget/assets/frontend/css/custom.css]
[www.dolil.gov.bd/awedget/assets/frontend/images/throbber.html]
[www.dolil.gov.bd/awedget/assets/fonts/Boishkhi.ttf]
[www.dolil.gov.bd/awedget/assets/frontend/css/style.css]
[www.dolil.gov.bd/assets/img/favicon.html]
[cdn.jsdelivr.net/npm/select2@4.1.0-beta.1/dist/css/select2.min.css]
[www.dolil.gov.bd/home/assets/img/favicon.png]
[www.dolil.gov.bd/home/assets/bg.png]
[www.dolil.gov.bd/home/secret_rules.html]
[www.dolil.gov.bd/home/conditions.html]
[www.dolil.gov.bd/home/overall_collaboration.html]
[www.dolil.gov.bd/home/important_links.html]
[www.dolil.gov.bd/assets/bg.html]
[www.dolil.gov.bd/awedget/assets/frontend/font-awesome/fonts/fontawesome-webfont3e6e.html]
[www.dolil.gov.bd/awedget/assets/frontend/font-awesome/fonts/fontawesome-webfont3e6e.svg]
[www.dolil.gov.bd/awedget/assets/frontend/fonts/glyphicons-halflings-regular.html]
[www.dolil.gov.bd/awedget/assets/frontend/fonts/glyphicons-halflings-regulard41d.html]
[www.dolil.gov.bd/awedget/assets/frontend/fonts/glyphicons-halflings-regular-2.html]
[www.dolil.gov.bd/awedget/assets/frontend/fonts/glyphicons-halflings-regular-3.html]
[www.dolil.gov.bd/awedget/assets/frontend/fonts/glyphicons-halflings-regular-4.html]
[www.dolil.gov.bd/awedget/assets/frontend/fonts/glyphicons-halflings-regular-5.html]
[www.dolil.gov.bd/awedget/assets/frontend/img/remove-icon-small.html]
[www.dolil.gov.bd/awedget/assets/frontend/img/input-spinner.html]
[www.dolil.gov.bd/awedget/assets/frontend/img/syncfusion-icons.html]
[www.dolil.gov.bd/awedget/assets/frontend/img/syncfusion-icons-white.html]
[www.dolil.gov.bd/awedget/assets/frontend/img/accordion-plusminus.html]
[www.dolil.gov.bd/awedget/assets/frontend/img/portlet-remove-icon.html]
[www.dolil.gov.bd/awedget/assets/frontend/img/portlet-config-icon.html]
[www.dolil.gov.bd/awedget/assets/frontend/img/portlet-reload-icon.html]
[www.dolil.gov.bd/awedget/assets/frontend/img/portlet-expand-icon.html]
[www.dolil.gov.bd/awedget/assets/frontend/img/portlet-collapse-icon.html]
[www.dolil.gov.bd/awedget/assets/frontend/img/portlet-remove-icon-white.html]
[www.dolil.gov.bd/awedget/assets/frontend/img/portlet-config-icon-white.html]
[www.dolil.gov.bd/awedget/assets/frontend/img/portlet-reload-icon-white.html]
[www.dolil.gov.bd/awedget/assets/frontend/img/portlet-expand-icon-white.html]
[www.dolil.gov.bd/awedget/assets/frontend/img/portlet-collapse-icon-white.html]
[www.dolil.gov.bd/awedget/assets/frontend/img/social/amazon.html]
[www.dolil.gov.bd/awedget/assets/frontend/img/social/behance.html]
[www.dolil.gov.bd/awedget/assets/frontend/img/social/blogger.html]
[www.dolil.gov.bd/awedget/assets/frontend/img/social/deviantart.html]
[www.dolil.gov.bd/awedget/assets/frontend/img/social/dribbble.html]
[www.dolil.gov.bd/awedget/assets/frontend/img/social/dropbox.html]
[www.dolil.gov.bd/awedget/assets/frontend/img/social/evernote.html]
[www.dolil.gov.bd/awedget/assets/frontend/img/social/facebook.html]
[www.dolil.gov.bd/awedget/assets/frontend/img/social/forrst.html]
[www.dolil.gov.bd/awedget/assets/frontend/img/social/github.html]
[www.dolil.gov.bd/awedget/assets/frontend/img/social/googleplus.html]
[www.dolil.gov.bd/awedget/assets/frontend/img/social/jolicloud.html]
[www.dolil.gov.bd/awedget/assets/frontend/img/social/last-fm.html]
[www.dolil.gov.bd/awedget/assets/frontend/img/social/linkedin.html]
[www.dolil.gov.bd/awedget/assets/frontend/img/social/picasa.html]
[www.dolil.gov.bd/awedget/assets/frontend/img/social/pintrest.html]
[www.dolil.gov.bd/awedget/assets/frontend/img/social/rss.html]
[www.dolil.gov.bd/awedget/assets/frontend/img/social/skype.html]
[www.dolil.gov.bd/awedget/assets/frontend/img/social/spotify.html]
[www.dolil.gov.bd/awedget/assets/frontend/img/social/stumbleupon.html]
[www.dolil.gov.bd/awedget/assets/frontend/img/social/tumblr.html]
[www.dolil.gov.bd/awedget/assets/frontend/img/social/twitter.html]
[www.dolil.gov.bd/awedget/assets/frontend/img/social/vimeo.html]
[www.dolil.gov.bd/awedget/assets/frontend/img/social/wordpress.html]
[www.dolil.gov.bd/awedget/assets/frontend/img/social/xing.html]
[www.dolil.gov.bd/awedget/assets/frontend/img/social/yahoo.html]
[www.dolil.gov.bd/awedget/assets/frontend/img/social/youtube.html]
[www.dolil.gov.bd/awedget/assets/frontend/img/social/vk.html]
[www.dolil.gov.bd/awedget/assets/frontend/img/social/instagram.html]
[www.dolil.gov.bd/awedget/assets/frontend/img/social/reddit.html]
[www.dolil.gov.bd/awedget/assets/frontend/img/social/aboutme.html]
[www.dolil.gov.bd/awedget/assets/frontend/img/social/flickr.html]
[www.dolil.gov.bd/awedget/assets/frontend/img/social/foursquare.html]
[www.dolil.gov.bd/awedget/assets/frontend/img/social/gravatar.html]
[www.dolil.gov.bd/awedget/assets/frontend/img/social/klout.html]
[www.dolil.gov.bd/awedget/assets/frontend/img/social/myspace.html]
[www.dolil.gov.bd/awedget/assets/frontend/img/social/quora.html]
[www.dolil.gov.bd/awedget/assets/frontend/img/icon-color.html]
[www.dolil.gov.bd/awedget/assets/frontend/img/icon-color-close.html]
[www.dolil.gov.bd/awedget/assets/fonts/Kalpurush.html]
[www.dolil.gov.bd/awedget/assets/frontend/images/throbber.html]
[www.dolil.gov.bd/home/assets/img/favicon.html]
[www.dolil.gov.bd/home/assets/bg.html]
